
> xtremedavid@0.1.0 build
> next build

Attention: Next.js now collects completely anonymous telemetry regarding usage.
This information is used to shape Next.js' roadmap and prioritize features.
You can learn more, including how to opt-out if you'd not like to participate in this anonymous program, by visiting the following URL:
https://nextjs.org/telemetry

▲ Next.js 16.2.6 (Turbopack)
- Experiments (use with caution):
  ⨯ turbopackServerFastRefresh

  Creating an optimized production build ...
✓ Compiled successfully in 26.2s
  Running TypeScript ...
  Finished TypeScript in 6.6s ...
  Collecting page data using 1 worker ...
  Generating static pages using 1 worker (0/8) ...
⚠ metadataBase property in metadata export is not set for resolving social open graph or twitter images, using "http://localhost:3000". See https://nextjs.org/docs/app/api-reference/functions/generate-metadata#metadatabase
  Generating static pages using 1 worker (2/8) 
  Generating static pages using 1 worker (4/8) 
  Generating static pages using 1 worker (6/8) 
✓ Generating static pages using 1 worker (8/8) in 274ms
  Finalizing page optimization ...

Route (app)
┌ ○ /
├ ○ /_not-found
├ ○ /about
├ ƒ /admin/[[...segments]]
├ ƒ /api/[...slug]
├ ○ /contact
├ ○ /icon.jpeg
├ ○ /projects
└ ƒ /work/[slug]


○  (Static)   prerendered as static content
ƒ  (Dynamic)  server-rendered on demand

